✔ approval binds action kind, enumerated targets, scope version and granter (§10.1) (3.2172ms)
✔ approval without an enumerated target set is invalid (0.5029ms)
✔ approval must record the verbatim utterance, not a paraphrase slot (0.4632ms)
✔ "继续" and friends do not constitute approval (§3.4) (0.6131ms)
✔ approval with no risk assessment at all is invalid (0.6858ms)
✔ approval must name a scope_version (0.6885ms)
✔ 10 approved targets becoming 11 forces re-approval (R02) (1.0984ms)
✔ swapping a target keeps the count but still forces re-approval (§5.4 misidentification) (0.4863ms)
✔ a strict subset of approved targets needs no re-approval (0.4736ms)
✔ each risk dimension increase independently forces re-approval (§10.2) (0.9601ms)
✔ lowering risk does not require re-approval (0.5038ms)
✔ scope_version change invalidates a prior approval (I2 companion) (0.5891ms)
✔ action kind change invalidates approval: approvals do not transfer (0.5889ms)
✔ expired approval forces re-approval (0.4127ms)
✔ absent approval always requires approval (0.2616ms)
✔ a well-formed single-decision interruption passes (O05) (1.3275ms)
✔ no interruption while an irreversible side effect is in flight (§10.3) (0.3593ms)
✔ incoherent state must be rolled back before interrupting (0.268ms)
✔ one interruption carries exactly one decision (U03) (0.2847ms)
✔ alternatives are one decision; additive asks are two (U03 boundary) (0.6064ms)
✔ options must be 2 to 3 mutually exclusive choices (0.3146ms)
✔ the no-response default must be NO_ACTION or SAFE_ROLLBACK (§10.3) (0.2981ms)
✔ interruption needs a resume token and a named principal (0.2486ms)
✔ non-serialisable interruption payload is rejected (0.3332ms)
✔ high blast radius without an enumerated target set is blocked (R01) (3.2254ms)
✔ enumerated targets plus matching approval clears the side-effect guard (0.736ms)
✔ mandate gap with no principal key recommends BLOCKED, not a question (0.6457ms)
✔ mandate gap a principal can close recommends NEEDS_INPUT (R03) (0.7419ms)
✔ non-unique next step is blocked (I8) (0.7554ms)
✔ unreachable evidence contract blocks the step (§2.6) (0.6593ms)
✔ unbounded blast radius cannot be approved at all (0.6597ms)
✔ all five hard gates are evaluated and any failure blocks (0.9477ms)
✔ argv carries every isolation flag and none of the history flags (4.5966ms)
✔ X02: argv that would inherit the caller session is rejected (1.2421ms)
✔ cleanEnv strips parent session identity and the conflicting auth token (1.149ms)
✔ resolver never returns a .cmd/.bat/.ps1 shim (Node spawn EINVAL without a shell) (8.4843ms)
✔ resolver honours ACE_CLAUDE_BIN and ignores an unusable shim (0.6216ms)
✔ ingestedTokens counts cached prefix tokens, which input_tokens alone hides (0.4651ms)
✔ C03: launch payload over 16 KiB is rejected before any spawn, with byte breakdown (0.4613ms)
✔ injectedBytes counts UTF-8 bytes, not characters (0.1791ms)
✔ C04: an oversized worker result still yields a <=1 KiB parseable envelope (1.4469ms)
✔ summary clamping keeps 400 bytes without emitting broken UTF-8 (0.7106ms)
✔ C07: path traversal, absolute paths and drive letters are refused (1.5745ms)
✔ missing backend produces DISPATCH_REJECTED and never launches (21.9085ms)
✔ C02/C03: over-budget dispatch does not launch and writes no artifact (8.0194ms)
﹣ a clean-context backend is installed and is a native binary (2.1229ms) # set ACE_LIVE_SPIKE=1 to run live backend tests
﹣ the worker has no access to the caller conversation (0.477ms) # set ACE_LIVE_SPIKE=1 to run live backend tests
﹣ worker ingestion stays near the floor, proving no history was injected (0.2311ms) # set ACE_LIVE_SPIKE=1 to run live backend tests
﹣ C04: a huge worker output reaches disk but not the return value (0.2747ms) # set ACE_LIVE_SPIKE=1 to run live backend tests
﹣ C05: a non-JSON worker reply is rejected rather than summarised (0.3364ms) # set ACE_LIVE_SPIKE=1 to run live backend tests
✔ runtime modules import nothing from outside the skill tree (I10, A01) (32.7699ms)
✔ protocol docs reference no paths outside the skill tree (A01) (27.2928ms)
✔ every runtime module is reachable from the barrel index (2.5285ms)
✔ every method pack named by the router exists on disk (1.5517ms)
✔ every method pack on disk is reachable from the router table (1.3778ms)
✔ router.md lists every signal defined in the runtime table (1.7617ms)
✔ risk-approval.md documents all five hard gates and all risk dimensions (2.6082ms)
✔ goal-model.md documents every criterion type (2.813ms)
✔ every protocol doc declares when it loads (7.9347ms)
✔ every method pack declares its triggering signal (10.4383ms)
✔ protocol docs stay individually loadable (progressive disclosure) (8.6809ms)
✔ evidence ladder is ordered E0..E5 and frozen (6.0582ms)
✔ E1 never satisfies a criterion requiring E2+ (invariant I14, E01) (0.4319ms)
✔ JUDGMENT/EFFECT/KNOWLEDGE are never agent-judgeable (invariant I9) (0.3119ms)
✔ criterion type table is deeply frozen (0.442ms)
✔ unassessed risk dimensions default to worst case (1.4035ms)
✔ risk dimension ordering is monotone (0.8754ms)
✔ private reversible STATE criterion stays at baseline E2 (0.9937ms)
✔ leaving the private domain raises required rung to E4 (§2.6) (0.5517ms)
✔ silent failure and irreversibility each independently escalate to E4 (0.5039ms)
✔ required rung above the type ceiling reports UNTESTABLE, never a silent cap (0.6446ms)
✔ per-criterion ceiling may lower but never raise the type ceiling (0.5623ms)
✔ approval gate is driven by risk dimensions, not tool identity (0.5365ms)
✔ bounded_many requires target enumeration; unbounded is not enumerable (R01) (0.4861ms)
✔ unclassified criterion cannot enter execution (§2.4 rule 1) (1.2532ms)
✔ unquantified vague predicate blocks unless downgraded to JUDGMENT (E05 sibling) (0.876ms)
✔ universal NEGATIVE phrasing is rejected, bounded surface accepted (E05) (0.5349ms)
✔ JUDGMENT without a reachable acceptor is untestable; Agent cannot self-accept (E04, I9) (1.5828ms)
✔ EFFECT beyond horizon needs a proxy metric or deferral (§2.4) (0.6293ms)
✔ empty criterion set is inadmissible so DONE cannot be reached vacuously (0.5804ms)
✔ criteriaGate attributes each blocker to its criterion (0.4712ms)
✔ access and authority are orthogonal: credentials are not permission (R03) (0.5396ms)
✔ missing effector implies reachable-prefix redefinition, not a question (0.2241ms)
✔ missing observation implies UNVERIFIABLE (0.182ms)
✔ expired mandate reopens the authority gap (0.2889ms)
✔ non-empty residual caps outcome at PARTIAL and requires disclosure (§2.2) (0.6107ms)
✔ fully covered goal allows DONE as max outcome (0.257ms)
✔ unknown mandate component is a programming error, not a silent pass (0.2851ms)
✔ handoff must carry residual, owner, next action and acceptance (I15) (0.4903ms)
✔ action-phrased intent is rejected with a rewrite instruction (U01) (0.7179ms)
✔ delta-phrased intent passes shape validation (0.3265ms)
✔ scope.out is as mandatory as scope.in (§2.1) (0.3574ms)
✔ every principal role must be filled even when one person holds all three (1.3752ms)
✔ scope_version advances only via decider-approved single increments (I2) (1.1852ms)
✔ silently dropped criteria cap the outcome at PARTIAL (O02) (0.756ms)
✔ BLOCKED is an outcome, not a phase (§6.1) (0.2819ms)
✔ ALIGNING to PLANNING requires the full alignment guard set (§6.3) (0.7241ms)
✔ an unproven guard condition counts as unmet, not satisfied (0.3327ms)
✔ illegal transitions are rejected by name (0.4615ms)
✔ any live phase may be interrupted or terminate; TERMINAL cannot (0.7377ms)
✔ TERMINAL requires a reducer-derived outcome and complete handoff (I1, I15) (0.2778ms)
✔ phase and outcome pairings are validated in both directions (0.7199ms)
✔ initTaskRoot creates the journal tree and is idempotent (11.1735ms)
✔ an empty journal reports a genesis tail (5.9868ms)
✔ appended events get sequential seq and a linked hash chain (46.6557ms)
✔ the journal is JSONL: one complete canonical event per line (23.1522ms)
✔ the controller fills in id, seq, segment, timestamp and hashes (14.3061ms)
✔ a schema-invalid event is refused before it reaches disk (10.9785ms)
✔ a semantically invalid event is refused before it reaches disk (8.0583ms)
✔ an event over 4 KiB is refused; its payload belongs in an artifact (34.7853ms)
✔ optimistic concurrency rejects an append built on a stale tail (J04) (50.245ms)
✔ only one of two writers claiming the same seq wins (J04) (59.8175ms)
✔ a repeated idempotency key returns the original event, not a duplicate (48.2519ms)
✔ a partial trailing line is dropped and reported, not treated as corruption (J01) (27.7885ms)
✔ a corrupt complete line is an explicit error, not a silent skip (25.6615ms)
✔ rollover triggers are the byte and event count limits (J03) (0.4836ms)
✔ rollSegment seals the segment and continues the chain across it (J03) (50.2025ms)
✔ appends continue in the new segment after a roll (61.6925ms)
✔ an empty journal cannot be rolled (7.6361ms)
✔ a tail read on a freshly rolled empty segment continues from the seal (39.2265ms)
✔ a checkpoint is written atomically and read back (34.6663ms)
✔ the widest schema-legal checkpoint stays under the 2 KiB limit (C01) (10.7662ms)
✔ a checkpoint field beyond its bound fails validation, never truncation (C01) (5.3105ms)
✔ a corrupt checkpoint reads as null so recovery rebuilds from the journal (J02) (7.2811ms)
✔ an orphaned temp file is ignored and cleanable (J02) (7.9504ms)
✔ an event appended without its checkpoint leaves a replayable journal (J01) (25.7036ms)
✔ verifyCursor accepts a real cursor and rejects a forged one (I7) (27.5862ms)
✔ readEventsAfter returns only the tail past the cursor (25.2825ms)
✔ readAllEvents concatenates segments in order (60.3078ms)
✔ isSafeRelativePath accepts task-relative paths only (3.2162ms)
✔ a path containing a null byte is rejected (0.3401ms)
✔ a filename merely containing dots is allowed (0.2736ms)
✔ resolveWithinRoot returns an absolute path inside the root (5.3003ms)
✔ resolveWithinRoot rejects escapes and requires an absolute root (C07) (5.3548ms)
✔ isInside does not treat a sibling with a shared prefix as inside (0.522ms)
✔ toPosix normalizes separators for storage (0.3836ms)
✔ artifactObjectPath shards by digest prefix and validates its inputs (1.0164ms)
✔ resolveRealPathWithinRoot accepts a real file inside the root (15.8381ms)
✔ resolveRealPathWithinRoot rejects a missing file (5.9452ms)
✔ a symlink pointing outside the root is rejected (C07) (14.497ms)
✔ verifyManifest accepts a manifest matching disk (14.6879ms)
✔ verifyManifest rejects a wrong digest (C06) (13.3716ms)
✔ verifyManifest rejects a wrong byte count (22.3153ms)
✔ verifyManifest rejects a manifest whose file does not exist (C06) (15.2441ms)
✔ verifyManifest rejects an escaping path before touching the file (C07) (13.6732ms)
✔ verifyManifest rejects undeclared truncation (19.3086ms)
✔ verifyManifest accepts declared truncation (16.7989ms)
✔ the soft limit is reported without rejecting (44.1937ms)
✔ registerManifest writes the manifest and indexes a pointer only (33.1272ms)
✔ the manifest index accumulates across registrations (45.414ms)
✔ an empty index reads as an empty map (3.9202ms)
✔ verifyArtifactIntegrity confirms intact evidence during recovery (34.1203ms)
✔ verifyArtifactIntegrity flags evidence altered after the fact (30.0803ms)
✔ verifyArtifactIntegrity flags evidence that disappeared (33.3354ms)
✔ verifyArtifactIntegrity rejects an index row with an unsafe path (4.426ms)
✔ checkManifestShape collects defects without throwing (0.5319ms)
✔ the stored digest is the digest of the bytes on disk (11.3886ms)
✔ utf8Bytes counts bytes, not UTF-16 code units (3.9933ms)
✔ utf8Bytes rejects non-string input rather than coercing (0.9748ms)
✔ budget constants match the design table (0.3125ms)
✔ assertWithinBudget accepts a payload exactly at the limit (0.3253ms)
✔ checkpoint of 2049 bytes is rejected, not truncated (C01) (0.6523ms)
✔ input envelope of 2049 bytes is rejected (C02) (0.3806ms)
✔ launch payload of 16385 bytes is rejected and reports its composition (C03) (0.7597ms)
✔ measureComposition totals every named part (0.3969ms)
✔ soft limits report without rejecting (0.3909ms)
✔ canonical form sorts object keys recursively (2.5778ms)
✔ key order does not change the digest, but values do (2.3482ms)
✔ array order is preserved because it is meaningful (0.4803ms)
✔ canonical form emits no whitespace (1.6709ms)
✔ canonicalize rejects values that JSON.stringify would silently drop (1.2729ms)
✔ canonicalize rejects circular references and non-plain objects (0.4731ms)
✔ canonicalize accepts null and nested empty containers (0.348ms)
✔ unicode strings hash by their bytes (0.3267ms)
✔ isHashRef accepts only sha256:<64 lowercase hex> (0.5567ms)
✔ sealEvent links to its predecessor and hashes itself (2.0125ms)
✔ sealEvent does not mutate its input (0.4285ms)
✔ sealEvent rejects a malformed predecessor hash (0.4483ms)
✔ event_hash excludes itself but includes prev_event_hash (0.379ms)
✔ an intact chain verifies (1.0381ms)
✔ a tampered payload breaks the chain at that event (0.9311ms)
✔ a removed middle event breaks the link (truncation detection) (2.6455ms)
✔ a chain not starting at genesis is rejected (0.5292ms)
✔ non-increasing seq is rejected even when hashes link (1.6698ms)
✔ the kernel has source files to scan (16.3643ms)
✔ every import is either node: builtin or a relative path (no third-party) (66.5163ms)
✔ no relative import escapes the skill directory tree (I10, A01) (26.0418ms)
✔ every relative import resolves to a file that exists (35.962ms)
✔ the runtime references neither shared/, V1, nor other skills (A01) (12.5147ms)
✔ the kernel does not import the repository root package (22.0781ms)
✔ schema documents reference only sibling schema files (14.4436ms)
✔ the kernel loads with no module outside its own tree (A02) (57.6607ms)
✔ no kernel module writes to a path outside the task root (10.0318ms)
✔ newEventId is 26 Crockford base32 characters (3.3471ms)
✔ event ids sort in creation order, including within one millisecond (3.6561ms)
✔ event ids satisfy the journal event schema (4.0972ms)
✔ newId produces a prefixed identifier accepted by the id fragment (3.9904ms)
✔ newId rejects an invalid prefix instead of producing an unusable id (1.8884ms)
✔ newId collisions are not expected across many draws (26.4812ms)
✔ isoTimestamp matches the schema timestamp format (3.2197ms)
✔ an idempotency key is stable for the same task, action and target set (0.5199ms)
✔ target set order does not change the key, but its contents do (0.3891ms)
✔ task and action are part of the key so approvals cannot leak across goals (0.4526ms)
✔ an idempotency key is accepted by the journal event schema (0.4486ms)
✔ an empty ledger has no entries (4.1326ms)
✔ CRITERION_DEFINED creates an UNTESTED entry at E0 (2.6273ms)
✔ a criterion whose requirement outruns its ceiling is UNTESTABLE at definition (0.9431ms)
✔ an unknown criterion type is an explicit reducer failure (2.1246ms)
✔ an event referencing an undefined criterion is an explicit failure (1.1054ms)
✔ EVIDENCE_RECORDED raises the achieved rung and collects artifacts (1.3879ms)
✔ the achieved rung never regresses when weaker evidence arrives later (0.8829ms)
✔ duplicate evidence references are not double counted (0.8229ms)
✔ an unknown evidence rung is an explicit failure (0.889ms)
✔ CRITERION_UPDATED sets the ledger state (0.9774ms)
✔ an unknown criterion state is an explicit failure (0.6209ms)
✔ SCOPE_CHANGED advances the ledger scope version (0.6314ms)
✔ evidence recorded under a superseded scope does not move the ledger (C08, I12) (0.7459ms)
✔ countStates tallies every ledger state (3.5904ms)
✔ inScopeEntries excludes out-of-scope and MOOT criteria (0.4658ms)
✔ adequate evidence is satisfiable (0.6583ms)
✔ E1 is not satisfiable for an E2 requirement (E01, I14) (0.4712ms)
✔ evidence that is missing from the index is not satisfiable (0.464ms)
✔ truncated evidence cannot prove a criterion (0.7514ms)
✔ no evidence at all is not satisfiable (0.4777ms)
✔ JUDGMENT without an external acceptor is not satisfiable (E04, I9) (0.5244ms)
✔ the Agent may not stand in as its own acceptor (I9) (2.039ms)
✔ JUDGMENT with a named human acceptor is satisfiable (0.2633ms)
✔ NEGATIVE without a bounded check surface is not satisfiable (E05) (0.2978ms)
✔ NEGATIVE with an enumerated check surface is satisfiable (0.2099ms)
✔ hasExhaustedEvidence separates a reached ceiling from untried verification (O06) (0.2303ms)
✔ planRequiredRung exposes an unattainable requirement before execution (0.3743ms)
✔ an empty journal cannot be reduced (3.3352ms)
✔ a journal without GOAL_CREATED cannot be reduced (25.4923ms)
✔ GOAL_CREATED alone puts the task in ALIGNING awaiting alignment (27.252ms)
✔ GOAL_ALIGNED moves to PLANNING with a single PLAN action (27.7183ms)
✔ the cursor points at the last event and verifies against the journal (I7) (25.7692ms)
✔ the cursor tracks the segment after a rollover (51.5416ms)
✔ every non-terminal checkpoint names exactly one next action (I8) (71.316ms)
✔ an open dispatch waits for its result rather than planning again (46.2804ms)
✔ a planned step is dispatched next, naming the step (33.098ms)
✔ an accepted result moves to VERIFYING and then to outcome derivation (41.3316ms)
✔ an open interruption becomes the sole next action with its resume token (26.0245ms)
✔ an answered interruption resumes the same plan (O05) (34.6417ms)
✔ a dangling effect intent must be observed before anything else (I6, E03) (42.9302ms)
✔ a dangling effect outranks an open interruption (30.7744ms)
✔ the ledger counts are projected into the checkpoint (66.5419ms)
✔ the latest manifest pointer is carried, not the artifact content (67.7416ms)
✔ a terminal journal derives its outcome from the ledger (O01, I1) (89.7337ms)
✔ a sealed status the ledger does not support is a reducer failure (I1) (45.2241ms)
✔ a terminal checkpoint never carries a next action (103.27ms)
✔ a residual recorded at alignment is counted, not inlined (25.8866ms)
✔ an over-long goal summary is trimmed on a character boundary (16.7142ms)
✔ every reduced checkpoint stays within 2 KiB (C01) (93.221ms)
✔ reduction is deterministic for the same journal (104.3915ms)
✔ a scope change is reflected and keeps its approval (I2) (39.0718ms)
✔ projectState records rejections without inventing a retry (30.2037ms)
✔ deriveNextAction returns null only for a terminated task (0.3914ms)
✔ the phase vocabulary and the reducer agree on non-terminal phases (0.1812ms)
✔ registry exposes exactly the eight control plane schemas (4.3324ms)
✔ registry inlines $refs so the validator never resolves references (0.6568ms)
✔ a sibling keyword beside $ref overrides the shared fragment (1.3818ms)
✔ getSchema rejects an unknown name instead of returning undefined (1.6384ms)
✔ validator rejects an unsupported keyword rather than ignoring it (0.552ms)
✔ validator reports every violation, not just the first (0.6033ms)
✔ maxBytes gates UTF-8 bytes while maxLength gates code units (0.3928ms)
✔ integer and number are distinguished, nullable is explicit (0.3721ms)
✔ assertSchema throws a SchemaValidationError carrying the violations (0.6901ms)
✔ journal event schema accepts a complete event and pins the hash format (2.1504ms)
✔ journal event schema forbids unknown properties and unknown types (0.4937ms)
✔ checkpoint schema bounds goal_summary at 240 bytes (0.3746ms)
✔ checkpoint outcome accepts only sealable terminal statuses (0.3967ms)
✔ worker output schema enforces the 3-claim and 4-artifact caps (3.8325ms)
✔ worker output summary is capped at 400 bytes (0.7786ms)
✔ worker input schema caps max_envelope_bytes at the 1 KiB output budget (1.1729ms)
✔ worker input rejects an escaping write_root or input path (C07) (0.8273ms)
✔ artifact manifest schema accepts a real manifest and rejects a bad digest (15.9579ms)
✔ interruption schema requires 2-3 options and a safe default (0.9867ms)
✔ goal schema requires scope.in and scope.out with equal standing (0.6419ms)
✔ criterion schema pins the type, state and rung vocabularies (0.6979ms)
✔ JSON schema enums stay in sync with lib/vocabulary.mjs (0.7517ms)
✔ risk dimension enums stay in sync with the vocabulary (0.2985ms)
✔ a coherent criterion produces no violations (4.9155ms)
✔ E1 cannot satisfy a criterion requiring E2 (I14, E01) (0.6665ms)
✔ an independent read-back at E2 satisfies a STATE criterion (E02) (0.4527ms)
✔ SATISFIED without evidence references is rejected (I5) (0.3449ms)
✔ achieved rung above the type ceiling is rejected (0.3986ms)
✔ max_rung above the type ceiling is rejected (0.4753ms)
✔ required beyond max must be declared UNTESTABLE during planning (5.3259ms)
✔ a NEGATIVE criterion must name a bounded check surface (E05) (0.5809ms)
✔ JUDGMENT cannot be SATISFIED without an acceptor (I9, E04) (0.6463ms)
✔ JUDGMENT cannot name the Agent as its own acceptor (I9) (0.8071ms)
✔ KNOWLEDGE satisfied by a named external acceptor is accepted (0.7811ms)
✔ required_rung below the risk-derived floor is rejected (0.9178ms)
✔ private, reversible risk leaves the baseline alone (0.2824ms)
✔ an unbounded blast radius raises the floor to E4 (0.9519ms)
✔ a raised floor above a BEHAVIOR ceiling reports unattainable (0.2413ms)
✔ EFFECT keeps its E5 baseline and is not lowered by risk (0.2414ms)
✔ assertNoViolations throws a SemanticValidationError listing every defect (1.2556ms)
✔ a well-formed event passes semantic validation (1.0184ms)
✔ an event bound to another task is rejected (0.2639ms)
✔ a worker may not author a control plane event (I3) (0.2068ms)
✔ a seq or segment other than the expected one is rejected (0.4407ms)
✔ only SCOPE_CHANGED may advance scope_version (I2) (0.4488ms)
✔ SCOPE_CHANGED must increment by one and name its approver (0.375ms)
✔ an artifact reference that is not registered is rejected (C06) (0.6522ms)
✔ a causation id that names no known event is rejected (2.2753ms)
✔ EFFECT_INTENDED requires an enumerated target set, approval and idempotency key (0.4639ms)
✔ EVIDENCE_RECORDED must reference at least one artifact (0.251ms)
✔ APPROVAL_GRANTED must bind to an action kind and target set (0.2151ms)
✔ GOAL_TERMINATED rejects NEEDS_INPUT and demands residual (0.3287ms)
✔ GOAL_ALIGNED requires an explicit approver (0.2312ms)
✔ phase transitions follow the state machine (0.3545ms)
✔ any non-terminal phase may reach TERMINAL (a BLOCKED fall) (0.2605ms)
✔ a well-formed worker output passes (0.5518ms)
✔ an output for a different dispatch is rejected (0.3222ms)
✔ a result computed under a stale scope is flagged (C08, I12) (0.5132ms)
✔ a role may not produce a claim outside its authority (0.2465ms)
✔ a claim without evidence is rejected, but no_finding needs none (0.2874ms)
✔ a claim citing an unregistered artifact is rejected (C06) (0.2931ms)
✔ criterion_checked must state the rung it achieved (0.2541ms)
✔ status and error must agree (0.2288ms)
✔ a manifest matching disk facts passes (0.7686ms)
✔ a manifest whose file is missing is rejected (C06) (0.2969ms)
✔ a manifest whose digest disagrees with disk is rejected (0.217ms)
✔ an escaping manifest path is rejected (C07) (0.2958ms)
✔ truncation must be reported honestly (0.3323ms)
✔ a truncated artifact cannot satisfy a criterion (0.4409ms)
✔ raw worker output is not main-agent ingestible (I4) (0.2147ms)
✔ all criteria satisfied at their required rung yields DONE (O01) (5.6426ms)
✔ DONE reports every criterion with its evidence and rung (0.7344ms)
✔ a violated constraint outranks satisfied criteria (0.4881ms)
✔ an incoherent delivered state is BLOCKED, never PARTIAL (0.4168ms)
✔ an incoherent state outranks a pending interruption (0.3993ms)
✔ a principal-held key yields NEEDS_INPUT with a resume token (O05) (0.3454ms)
✔ NEEDS_INPUT is not sealable; the four terminal outcomes are (0.6172ms)
✔ asking beats stopping: NEEDS_INPUT outranks a falsified criterion (0.8453ms)
✔ a falsified in-scope criterion yields BLOCKED(FALSIFIED) (O04) (0.6103ms)
✔ unfinished attainable work yields PARTIAL, listing both sets (1.5404ms)
✔ an untested criterion with verification still available is not UNVERIFIABLE (O06) (0.768ms)
✔ a requirement unreachable after maximal evidence yields UNVERIFIABLE (0.6299ms)
✔ UNVERIFIABLE names who could still decide when an acceptor exists (0.4998ms)
✔ an external-system goal stuck at E1 does not become DONE (E01) (0.4391ms)
✔ a non-empty residual caps the outcome at PARTIAL (O03) (0.3541ms)
✔ a narrowed scope caps the outcome at PARTIAL (O02) (0.2702ms)
✔ an unapproved scope version cannot reach DONE (I2) (0.2891ms)
✔ a criterion marked SATISFIED on inadequate evidence cannot reach DONE (0.4803ms)
✔ a criterion marked SATISFIED by the Agent as acceptor cannot reach DONE (I9) (0.2865ms)
✔ a criterion whose evidence vanished cannot reach DONE (I5) (0.2415ms)
✔ an empty in-scope ledger cannot reach DONE (0.2097ms)
✔ out-of-scope and MOOT criteria do not block DONE (0.2414ms)
✔ every outcome carries residual, even when empty (I15) (0.6405ms)
✔ missingTerminalFields catches an outcome lacking its mandatory content (0.2715ms)
✔ the reducer is pure: the same input always gives the same verdict (0.4414ms)
✔ the reducer does not mutate the ledger or residual it was given (1.9767ms)
✔ no signals fired loads no method packs (§3.2) (3.8817ms)
✔ a solution-shaped input routes to outcome reframing (U01) (0.7136ms)
✔ judgment criteria route to early sampling, not to self-rubric (0.393ms)
✔ high blast radius routes to target enumeration (R01 companion) (0.4328ms)
✔ packs are deduplicated when several signals share one (0.437ms)
✔ every signal names an existing pack and a goal field it updates (2.0342ms)
✔ a checkable fact is delegated to a worker, never asked of the user (U02) (0.7322ms)
✔ only the most upstream load-bearing decision is asked (U03) (0.72ms)
✔ a downstream question is admitted once its prerequisite resolves (0.3668ms)
✔ a question below the ask threshold becomes a logged assumption (§3.3) (0.5754ms)
✔ the surprise test overrides the arithmetic (§3.3) (0.3707ms)
✔ a question that changes no decision is dropped (0.3689ms)
✔ an answered question does not reappear in the next Frontier (0.2806ms)
✔ Frontier keys must never appear in persisted state (I13, U04) (0.632ms)
✔ all seven domains pass through the same gates without code-shaped assumptions (X01) (4.4072ms)
✔ the offline goal keeps a non-empty residual that must be disclosed (0.5135ms)
✔ the external-system goal cannot self-certify: no observation means no E2 read-back (0.3901ms)
ℹ tests 371
ℹ suites 0
ℹ pass 366
ℹ fail 0
ℹ cancelled 0
ℹ skipped 5
ℹ todo 0
ℹ duration_ms 2143.0183
